[INFO|2026-09-22 23:21:08] llamafactory.hparams.parser:144 >> Resuming training from /home/syy/codellama-lora/outputs/default_baseline_lora/checkpoint-273.
[INFO|2026-09-22 23:21:08] llamafactory.hparams.parser:144 >> Change `output_dir` or use `overwrite_output_dir` to avoid.
[INFO|2026-09-22 23:21:08] llamafactory.hparams.parser:651 >> Process rank: 0, world size: 1, device: cuda:0, distributed training: False, compute dtype: torch.bfloat16
[INFO|2026-09-22 23:21:09] llamafactory.data.template:144 >> Add pad token: </s>
[INFO|2026-09-22 23:21:09] llamafactory.data.loader:144 >> Loading dataset Fine-Tuning.json...
training example:
input_ids:
[1, 518, 25580, 29962, 4103, 9632, 278, 1494, 964, 263, 13303, 315, 29914, 29907, 1817, 1824, 29901, 13, 22400, 5920, 29901, 13, 29900, 29916, 29947, 29900, 29946, 29872, 29900, 29941, 29900, 29901, 5503, 18230, 29886, 13, 29900, 29916, 29947, 29900, 29946, 29872, 29900, 29941, 29896, 29901, 5503, 18230, 29916, 13, 29900, 29916, 29947, 29900, 29946, 29872, 29900, 29941, 29906, 29901, 5503, 1226, 29875, 13, 29900, 29916, 29947, 29900, 29946, 29872, 29900, 29941, 29941, 29901, 5503, 831, 29875, 13, 29900, 29916, 29947, 29900, 29946, 29872, 29900, 29941, 29946, 29901, 1014, 5152, 29892, 29871, 29900, 21791, 13, 29900, 29916, 29947, 29900, 29946, 29872, 29900, 29941, 29955, 29901, 2351, 831, 29875, 29892, 270, 1742, 23246, 518, 9983, 718, 29871, 29900, 29916, 29906, 29900, 29962, 13, 29900, 29916, 29947, 29900, 29946, 29872, 29900, 29941, 29890, 29901, 2351, 1226, 29875, 29892, 270, 1742, 23246, 518, 9983, 718, 29871, 29900, 29916, 29906, 29946, 29962, 13, 29900, 29916, 29947, 29900, 29946, 29872, 29900, 29941, 29888, 29901, 2351, 321, 18904, 29892, 831, 29875, 13, 29900, 29916, 29947, 29900, 29946, 29872, 29900, 29946, 29896, 29901, 1246, 29871, 29900, 29916, 29947, 29900, 29946, 2176, 29890, 29900, 529, 26512, 2792, 5596, 29958, 13, 29900, 29916, 29947, 29900, 29946, 29872, 29900, 29946, 29953, 29901, 1243, 321, 1165, 29892, 321, 1165, 13, 29900, 29916, 29947, 29900, 29946, 29872, 29900, 29946, 29947, 29901, 432, 484, 29871, 29900, 29916, 29947, 29900, 29946, 29872, 29900, 29955, 29906, 529, 26512, 27175, 29906, 29974, 29900, 29916, 29946, 29906, 29958, 13, 29900, 29916, 29947, 29900, 29946, 29872, 29900, 29946, 29874, 29901, 2351, 18230, 29916, 29892, 270, 1742, 23246, 518, 10100, 718, 29871, 29900, 29916, 29896, 29883, 29962, 13, 29900, 29916, 29947, 29900, 29946, 29872, 29900, 29946, 29881, 29901, 1243, 1226, 29875, 29892, 1226, 29875, 13, 29900, 29916, 29947, 29900, 29946, 29872, 29900, 29946, 29888, 29901, 6965, 29871, 29900, 29916, 29947, 29900, 29946, 29872, 29900, 29955, 29888, 529, 26512, 27175, 29906, 29974, 29900, 29916, 29946, 29888, 29958, 13, 29900, 29916, 29947, 29900, 29946, 29872, 29900, 29945, 29896, 29901, 2351, 18230, 29886, 29892, 1226, 29875, 13, 29900, 29916, 29947, 29900, 29946, 29872, 29900, 29945, 29941, 29901, 2351, 321, 1165, 29892, 1226, 29875, 13, 29900, 29916, 29947, 29900, 29946, 29872, 29900, 29945, 29945, 29901, 14653, 18230, 29886, 29892, 29871, 29946, 13, 29900, 29916, 29947, 29900, 29946, 29872, 29900, 29945, 29947, 29901, 322, 321, 1165, 29892, 29871, 29900, 24660, 13, 29900, 29916, 29947, 29900, 29946, 29872, 29900, 29945, 29890, 29901, 788, 18230, 29886, 29892, 29871, 29945, 13, 29900, 29916, 29947, 29900, 29946, 29872, 29900, 29945, 29872, 29901, 274, 1526, 1226, 29875, 29892, 29871, 29900, 29916, 29941, 29900, 13, 29900, 29916, 29947, 29900, 29946, 29872, 29900, 29953, 29896, 29901, 7477, 586, 29880, 1226, 29875, 29892, 321, 1165, 13, 29900, 29916, 29947, 29900, 29946, 29872, 29900, 29953, 29946, 29901, 1243, 1226, 29875, 29892, 1226, 29875, 13, 29900, 29916, 29947, 29900, 29946, 29872, 29900, 29953, 29953, 29901, 1444, 29871, 29900, 29916, 29947, 29900, 29946, 29872, 29900, 29947, 29955, 529, 26512, 27175, 29906, 29974, 29900, 29916, 29945, 29955, 29958, 13, 29900, 29916, 29947, 29900, 29946, 29872, 29900, 29953, 29947, 29901, 2351, 321, 1165, 29892, 1226, 29875, 13, 29900, 29916, 29947, 29900, 29946, 29872, 29900, 29953, 29874, 29901, 322, 321, 1165, 29892, 29871, 29900, 29916, 17156, 18725, 29947, 13, 29900, 29916, 29947, 29900, 29946, 29872, 29900, 29953, 29881, 29901, 274, 1526, 321, 1165, 29892, 29871, 29947, 13, 29900, 29916, 29947, 29900, 29946, 29872, 29900, 29955, 29900, 29901, 1444, 29871, 29900, 29916, 29947, 29900, 29946, 29872, 29900, 29947, 29955, 529, 26512, 27175, 29906, 29974, 29900, 29916, 29945, 29955, 29958, 13, 29900, 29916, 29947, 29900, 29946, 29872, 29900, 29955, 29906, 29901, 2351, 321, 1165, 29892, 29871, 29900, 29916, 17156, 600, 1725, 13, 29900, 29916, 29947, 29900, 29946, 29872, 29900, 29955, 29955, 29901, 788, 5152, 29892, 29871, 29900, 21791, 13, 29900, 29916, 29947, 29900, 29946, 29872, 29900, 29955, 29874, 29901, 1835, 831, 29875, 13, 29900, 29916, 29947, 29900, 29946, 29872, 29900, 29955, 29890, 29901, 1835, 1226, 29875, 13, 29900, 29916, 29947, 29900, 29946, 29872, 29900, 29955, 29883, 29901, 1835, 18230, 29916, 13, 29900, 29916, 29947, 29900, 29946, 29872, 29900, 29955, 29881, 29901, 1835, 18230, 29886, 13, 29900, 29916, 29947, 29900, 29946, 29872, 29900, 29955, 29872, 29901, 3240, 13, 29900, 29916, 29947, 29900, 29946, 29872, 29900, 29955, 29888, 29901, 3480, 1226, 29875, 13, 29900, 29916, 29947, 29900, 29946, 29872, 29900, 29947, 29896, 29901, 921, 272, 18230, 29886, 29892, 18230, 29886, 13, 29900, 29916, 29947, 29900, 29946, 29872, 29900, 29947, 29941, 29901, 1243, 1226, 29875, 29892, 1226, 29875, 13, 29900, 29916, 29947, 29900, 29946, 29872, 29900, 29947, 29945, 29901, 432, 484, 29871, 29900, 29916, 29947, 29900, 29946, 29872, 29900, 29953, 29947, 529, 26512, 27175, 29906, 29974, 29900, 29916, 29941, 29947, 29958, 13, 29900, 29916, 29947, 29900, 29946, 29872, 29900, 29947, 29955, 29901, 2351, 321, 1165, 29892, 270, 1742, 23246, 518, 774, 29916, 718, 29871, 29900, 29916, 29941, 29947, 29962, 13, 29900, 29916, 29947, 29900, 29946, 29872, 29900, 29947, 29874, 29901, 1243, 321, 1165, 29892, 321, 1165, 13, 29900, 29916, 29947, 29900, 29946, 29872, 29900, 29947, 29883, 29901, 1444, 29871, 29900, 29916, 29947, 29900, 29946, 29872, 29900, 29874, 29955, 529, 26512, 27175, 29906, 29974, 29900, 29916, 29955, 29955, 29958, 13, 29900, 29916, 29947, 29900, 29946, 29872, 29900, 29947, 29872, 29901, 274, 1526, 270, 1742, 23246, 518, 774, 29916, 718, 29871, 29900, 29916, 29906, 29947, 1402, 1226, 29875, 13, 29900, 29916, 29947, 29900, 29946, 29872, 29900, 29929, 29896, 29901, 1444, 29871, 29900, 29916, 29947, 29900, 29946, 29872, 29900, 29874, 29955, 529, 26512, 27175, 29906, 29974, 29900, 29916, 29955, 29955, 29958, 13, 29900, 29916, 29947, 29900, 29946, 29872, 29900, 29929, 29941, 29901, 1014, 5152, 29892, 29871, 29947, 13, 29900, 29916, 29947, 29900, 29946, 29872, 29900, 29929, 29953, 29901, 5503, 321, 1165, 13, 29900, 29916, 29947, 29900, 29946, 29872, 29900, 29929, 29955, 29901, 5503, 270, 1742, 23246, 518, 10100, 718, 29871, 29900, 29916, 29906, 29947, 29962, 13, 29900, 29916, 29947, 29900, 29946, 29872, 29900, 29929, 29874, 29901, 1246, 270, 1742, 23246, 518, 10100, 718, 29871, 29900, 29916, 29906, 29946, 29962, 13, 29900, 29916, 29947, 29900, 29946, 29872, 29900, 29929, 29881, 29901, 788, 5152, 29892, 29871, 29900, 29916, 29896, 29900, 13, 29900, 29916, 29947, 29900, 29946, 29872, 29900, 29874, 29900, 29901, 2351, 270, 1742, 23246, 518, 774, 29916, 718, 29871, 29900, 29916, 29941, 29947, 1402, 29871, 29900, 13, 29900, 29916, 29947, 29900, 29946, 29872, 29900, 29874, 29955, 29901, 2351, 270, 1742, 23246, 518, 774, 29916, 718, 29871, 29900, 21791, 1402, 18230, 29886, 13, 29900, 29916, 29947, 29900, 29946, 29872, 29900, 7340, 29901, 2351, 270, 1742, 23246, 518, 774, 29916, 718, 29871, 29900, 29916, 29906, 29947, 1402, 1226, 29875, 13, 29900, 29916, 29947, 29900, 29946, 29872, 29900, 328, 29901, 788, 5152, 29892, 29871, 29900, 21791, 13, 29900, 29916, 29947, 29900, 29946, 29872, 29900, 29890, 29900, 29901, 1835, 831, 29875, 13, 29900, 29916, 29947, 29900, 29946, 29872, 29900, 29890, 29896, 29901, 1835, 1226, 29875, 13, 29900, 29916, 29947, 29900, 29946, 29872, 29900, 29890, 29906, 29901, 1835, 18230, 29916, 13, 29900, 29916, 29947, 29900, 29946, 29872, 29900, 29890, 29941, 29901, 1835, 18230, 29886, 13, 29900, 29916, 29947, 29900, 29946, 29872, 29900, 29890, 29946, 29901, 432, 1526, 29871, 29900, 29916, 29947, 29900, 29946, 29881, 600, 29900, 529, 26512, 27175, 29958, 13, 13, 29925, 344, 5333, 401, 29901, 13, 524, 29941, 29906, 29918, 29873, 4414, 403, 27175, 29906, 29898, 524, 29941, 29906, 29918, 29873, 263, 29896, 29892, 13122, 29941, 29906, 29918, 29873, 263, 29906, 29897, 426, 13, 1678, 565, 313, 26512, 2792, 5596, 580, 2804, 29871, 29900, 29897, 426, 13, 4706, 736, 448, 29906, 29936, 13, 1678, 500, 13, 13, 13, 12148, 5706, 4866, 29892, 752, 309, 519, 315, 29914, 29907, 1817, 2752, 775, 393, 10703, 278, 1021, 5900, 29889, 518, 29914, 25580, 29962, 938, 796, 5746, 15082, 4414, 403, 27175, 29906, 29898, 710, 29885, 29892, 3474, 29933, 1169, 29897, 13, 29920, 29918, 13045, 1160, 851, 29885, 29936, 13, 524, 3474, 29933, 1169, 29936, 13, 29912, 13, 1678, 938, 12244, 29936, 13, 1678, 2281, 4414, 403, 29918, 3859, 383, 1718, 334, 3859, 29936, 13, 13, 1678, 565, 313, 26512, 2792, 5596, 29898, 710, 29885, 876, 736, 796, 29918, 1254, 1525, 5194, 29918, 11432, 29936, 13, 1678, 2106, 353, 313, 4984, 4414, 403, 29918, 3859, 383, 1718, 4748, 710, 29885, 976, 3859, 29936, 13, 13, 1678, 565, 313, 7165, 29933, 1169, 529, 29871, 29900, 29897, 426, 13, 4706, 12244, 353, 29871, 29900, 29936, 13, 4706, 3474, 29933, 1169, 353, 448, 7165, 29933, 1169, 29936, 13, 1678, 500, 13, 1678, 1683, 426, 13, 4706, 12244, 353, 313, 7165, 29933, 1169, 5099, 29871, 29946, 29897, 718, 29871, 29945, 29936, 13, 29937, 361, 1753, 402, 3904, 29999, 5690, 13, 4706, 565, 313, 7165, 29933, 1169, 529, 29871, 29946, 29947, 29897, 13, 9651, 3474, 29933, 1169, 7878, 29871, 29896, 29945, 29936, 13, 29937, 15224, 13, 1678, 500, 13, 13, 1678, 565, 313, 7165, 29933, 1169, 2607, 313, 7165, 29933, 1169, 529, 29871, 29947, 3830, 3474, 29933, 1169, 1405, 29871, 29896, 29945, 876, 13, 4706, 736, 796, 29918, 1254, 1525, 5194, 29918, 11432, 29936, 13, 1678, 565, 313, 3859, 976, 7165, 2804, 796, 29918, 10074, 2607, 2106, 976, 29893, 14836, 2804, 313, 15395, 29897, 7165, 29933, 1169, 29897, 426, 13, 4706, 796, 29943, 21661, 29898, 710, 29885, 29892, 2106, 976, 7165, 416, 13, 4706, 2106, 976, 7165, 353, 796, 29918, 10074, 29936, 13, 1678, 500, 13, 13, 1678, 2106, 976, 6312, 353, 12244, 29936, 13, 1678, 2106, 976, 29893, 14836, 353, 313, 15395, 29897, 7165, 29933, 1169, 29936, 13, 1678, 736, 4414, 403, 27175, 29898, 710, 29885, 416, 13, 29913, 2]
inputs:
<s> [INST] Translate the following into a functional C/C++ program:
Assembly Code:
0x804e030: push ebp
0x804e031: push ebx
0x804e032: push edi
0x804e033: push esi
0x804e034: sub esp, 0xc
0x804e037: mov esi, dword ptr [esp + 0x20]
0x804e03b: mov edi, dword ptr [esp + 0x24]
0x804e03f: mov ecx, esi
0x804e041: call 0x804dfb0 <inflateStateCheck>
0x804e046: test eax, eax
0x804e048: jne 0x804e072 <inflateReset2+0x42>
0x804e04a: mov ebx, dword ptr [esi + 0x1c]
0x804e04d: test edi, edi
0x804e04f: js 0x804e07f <inflateReset2+0x4f>
0x804e051: mov ebp, edi
0x804e053: mov eax, edi
0x804e055: shr ebp, 4
0x804e058: and eax, 0xf
0x804e05b: add ebp, 5
0x804e05e: cmp edi, 0x30
0x804e061: cmovl edi, eax
0x804e064: test edi, edi
0x804e066: je 0x804e087 <inflateReset2+0x57>
0x804e068: mov eax, edi
0x804e06a: and eax, 0xfffffff8
0x804e06d: cmp eax, 8
0x804e070: je 0x804e087 <inflateReset2+0x57>
0x804e072: mov eax, 0xfffffffe
0x804e077: add esp, 0xc
0x804e07a: pop esi
0x804e07b: pop edi
0x804e07c: pop ebx
0x804e07d: pop ebp
0x804e07e: ret
0x804e07f: neg edi
0x804e081: xor ebp, ebp
0x804e083: test edi, edi
0x804e085: jne 0x804e068 <inflateReset2+0x38>
0x804e087: mov eax, dword ptr [ebx + 0x38]
0x804e08a: test eax, eax
0x804e08c: je 0x804e0a7 <inflateReset2+0x77>
0x804e08e: cmp dword ptr [ebx + 0x28], edi
0x804e091: je 0x804e0a7 <inflateReset2+0x77>
0x804e093: sub esp, 8
0x804e096: push eax
0x804e097: push dword ptr [esi + 0x28]
0x804e09a: call dword ptr [esi + 0x24]
0x804e09d: add esp, 0x10
0x804e0a0: mov dword ptr [ebx + 0x38], 0
0x804e0a7: mov dword ptr [ebx + 0xc], ebp
0x804e0aa: mov dword ptr [ebx + 0x28], edi
0x804e0ad: add esp, 0xc
0x804e0b0: pop esi
0x804e0b1: pop edi
0x804e0b2: pop ebx
0x804e0b3: pop ebp
0x804e0b4: jmp 0x804dff0 <inflateReset>

Pseudocode:
int32_t inflateReset2(int32_t a1, uint32_t a2) {
    if (inflateStateCheck() != 0) {
        return -2;
    }


Please generate complete, compilable C/C++ source code that implements the same logic. [/INST] int ZEXPORT inflateReset2(strm, windowBits)
z_streamp strm;
int windowBits;
{
    int wrap;
    struct inflate_state FAR *state;

    if (inflateStateCheck(strm)) return Z_STREAM_ERROR;
    state = (struct inflate_state FAR *)strm->state;

    if (windowBits < 0) {
        wrap = 0;
        windowBits = -windowBits;
    }
    else {
        wrap = (windowBits >> 4) + 5;
#ifdef GUNZIP
        if (windowBits < 48)
            windowBits &= 15;
#endif
    }

    if (windowBits && (windowBits < 8 || windowBits > 15))
        return Z_STREAM_ERROR;
    if (state->window != Z_NULL && state->wbits != (unsigned)windowBits) {
        ZFREE(strm, state->window);
        state->window = Z_NULL;
    }

    state->wrap = wrap;
    state->wbits = (unsigned)windowBits;
    return inflateReset(strm);
}</s>
label_ids:
[-100, -100, -100, -100, -100, -100, -100, -100, -100, -100, -100, -100, -100, -100, -100, -100, -100, -100, -100, -100, -100, -100, -100, -100, -100, -100, -100, -100, -100, -100, -100, -100, -100, -100, -100, -100, -100, -100, -100, -100, -100, -100, -100, -100, -100, -100, -100, -100, -100, -100, -100, -100, -100, -100, -100, -100, -100, -100, -100, -100, -100, -100, -100, -100, -100, -100, -100, -100, -100, -100, -100, -100, -100, -100, -100, -100, -100, -100, -100, -100, -100, -100, -100, -100, -100, -100, -100, -100, -100, -100, -100, -100, -100, -100, -100, -100, -100, -100, -100, -100, -100, -100, -100, -100, -100, -100, -100, -100, -100, -100, -100, -100, -100, -100, -100, -100, -100, -100, -100, -100, -100, -100, -100, -100, -100, -100, -100, -100, -100, -100, -100, -100, -100, -100, -100, -100, -100, -100, -100, -100, -100, -100, -100, -100, -100, -100, -100, -100, -100, -100, -100, -100, -100, -100, -100, -100, -100, -100, -100, -100, -100, -100, -100, -100, -100, -100, -100, -100, -100, -100, -100, -100, -100, -100, -100, -100, -100, -100, -100, -100, -100, -100, -100, -100, -100, -100, -100, -100, -100, -100, -100, -100, -100, -100, -100, -100, -100, -100, -100, -100, -100, -100, -100, -100, -100, -100, -100, -100, -100, -100, -100, -100, -100, -100, -100, -100, -100, -100, -100, -100, -100, -100, -100, -100, -100, -100, -100, -100, -100, -100, -100, -100, -100, -100, -100, -100, -100, -100, -100, -100, -100, -100, -100, -100, -100, -100, -100, -100, -100, -100, -100, -100, -100, -100, -100, -100, -100, -100, -100, -100, -100, -100, -100, -100, -100, -100, -100, -100, -100, -100, -100, -100, -100, -100, -100, -100, -100, -100, -100, -100, -100, -100, -100, -100, -100, -100, -100, -100, -100, -100, -100, -100, -100, -100, -100, -100, -100, -100, -100, -100, -100, -100, -100, -100, -100, -100, -100, -100, -100, -100, -100, -100, -100, -100, -100, -100, -100, -100, -100, -100, -100, -100, -100, -100, -100, -100, -100, -100, -100, -100, -100, -100, -100, -100, -100, -100, -100, -100, -100, -100, -100, -100, -100, -100, -100, -100, -100, -100, -100, -100, -100, -100, -100, -100, -100, -100, -100, -100, -100, -100, -100, -100, -100, -100, -100, -100, -100, -100, -100, -100, -100, -100, -100, -100, -100, -100, -100, -100, -100, -100, -100, -100, -100, -100, -100, -100, -100, -100, -100, -100, -100, -100, -100, -100, -100, -100, -100, -100, -100, -100, -100, -100, -100, -100, -100, -100, -100, -100, -100, -100, -100, -100, -100, -100, -100, -100, -100, -100, -100, -100, -100, -100, -100, -100, -100, -100, -100, -100, -100, -100, -100, -100, -100, -100, -100, -100, -100, -100, -100, -100, -100, -100, -100, -100, -100, -100, -100, -100, -100, -100, -100, -100, -100, -100, -100, -100, -100, -100, -100, -100, -100, -100, -100, -100, -100, -100, -100, -100, -100, -100, -100, -100, -100, -100, -100, -100, -100, -100, -100, -100, -100, -100, -100, -100, -100, -100, -100, -100, -100, -100, -100, -100, -100, -100, -100, -100, -100, -100, -100, -100, -100, -100, -100, -100, -100, -100, -100, -100, -100, -100, -100, -100, -100, -100, -100, -100, -100, -100, -100, -100, -100, -100, -100, -100, -100, -100, -100, -100, -100, -100, -100, -100, -100, -100, -100, -100, -100, -100, -100, -100, -100, -100, -100, -100, -100, -100, -100, -100, -100, -100, -100, -100, -100, -100, -100, -100, -100, -100, -100, -100, -100, -100, -100, -100, -100, -100, -100, -100, -100, -100, -100, -100, -100, -100, -100, -100, -100, -100, -100, -100, -100, -100, -100, -100, -100, -100, -100, -100, -100, -100, -100, -100, -100, -100, -100, -100, -100, -100, -100, -100, -100, -100, -100, -100, -100, -100, -100, -100, -100, -100, -100, -100, -100, -100, -100, -100, -100, -100, -100, -100, -100, -100, -100, -100, -100, -100, -100, -100, -100, -100, -100, -100, -100, -100, -100, -100, -100, -100, -100, -100, -100, -100, -100, -100, -100, -100, -100, -100, -100, -100, -100, -100, -100, -100, -100, -100, -100, -100, -100, -100, -100, -100, -100, -100, -100, -100, -100, -100, -100, -100, -100, -100, -100, -100, -100, -100, -100, -100, -100, -100, -100, -100, -100, -100, -100, -100, -100, -100, -100, -100, -100, -100, -100, -100, -100, -100, -100, -100, -100, -100, -100, -100, -100, -100, -100, -100, -100, -100, -100, -100, -100, -100, -100, -100, -100, -100, -100, -100, -100, -100, -100, -100, -100, -100, -100, -100, -100, -100, -100, -100, -100, -100, -100, -100, -100, -100, -100, -100, -100, -100, -100, -100, -100, -100, -100, -100, -100, -100, -100, -100, -100, -100, -100, -100, -100, -100, -100, -100, -100, -100, -100, -100, -100, -100, -100, -100, -100, -100, -100, -100, -100, -100, -100, -100, -100, -100, -100, -100, -100, -100, -100, -100, -100, -100, -100, -100, -100, -100, -100, -100, -100, -100, -100, -100, -100, -100, -100, -100, -100, -100, -100, -100, -100, -100, -100, -100, -100, -100, -100, -100, -100, -100, -100, -100, -100, -100, -100, -100, -100, -100, -100, -100, -100, -100, -100, -100, -100, -100, -100, -100, -100, -100, -100, -100, -100, -100, -100, -100, -100, -100, -100, -100, -100, -100, -100, -100, -100, -100, -100, -100, -100, -100, -100, -100, -100, -100, -100, -100, -100, -100, -100, -100, -100, -100, -100, -100, -100, -100, -100, -100, -100, -100, -100, -100, -100, -100, -100, -100, -100, -100, -100, -100, -100, -100, -100, -100, -100, -100, -100, -100, -100, -100, -100, -100, -100, -100, -100, -100, -100, -100, -100, -100, -100, -100, -100, -100, -100, -100, -100, -100, -100, -100, -100, -100, -100, -100, -100, -100, -100, -100, -100, -100, -100, -100, -100, -100, -100, -100, -100, -100, -100, -100, -100, -100, -100, -100, -100, -100, -100, -100, -100, -100, -100, -100, -100, -100, -100, -100, -100, -100, -100, -100, -100, -100, -100, -100, -100, -100, -100, -100, -100, -100, -100, -100, -100, -100, -100, -100, -100, -100, -100, -100, -100, -100, -100, -100, -100, -100, -100, -100, -100, -100, -100, -100, -100, -100, -100, -100, -100, -100, -100, -100, -100, -100, -100, -100, -100, -100, -100, -100, -100, -100, -100, -100, -100, -100, -100, -100, -100, -100, -100, -100, -100, -100, -100, -100, -100, -100, -100, -100, -100, -100, -100, -100, -100, -100, -100, -100, -100, -100, -100, -100, -100, -100, -100, -100, -100, -100, -100, -100, -100, -100, -100, -100, -100, -100, -100, -100, -100, -100, -100, -100, -100, -100, -100, -100, -100, -100, -100, -100, -100, -100, -100, -100, -100, -100, -100, -100, -100, -100, -100, -100, -100, -100, -100, -100, -100, -100, -100, -100, -100, -100, -100, -100, -100, -100, -100, -100, -100, -100, -100, -100, -100, -100, -100, -100, -100, -100, -100, -100, -100, -100, -100, -100, -100, -100, -100, -100, -100, -100, -100, -100, -100, -100, -100, -100, -100, -100, -100, -100, -100, -100, -100, -100, -100, -100, -100, -100, -100, -100, -100, -100, -100, -100, -100, -100, -100, -100, -100, -100, -100, -100, -100, -100, -100, -100, -100, -100, -100, -100, -100, -100, -100, -100, -100, -100, -100, -100, -100, -100, -100, -100, -100, -100, -100, -100, -100, -100, -100, -100, -100, -100, -100, -100, -100, -100, -100, -100, -100, -100, -100, -100, -100, -100, -100, -100, -100, -100, -100, -100, -100, -100, -100, -100, -100, -100, -100, -100, -100, -100, -100, -100, -100, -100, -100, -100, -100, -100, -100, -100, -100, -100, -100, -100, -100, -100, -100, -100, -100, -100, -100, -100, -100, -100, -100, -100, -100, -100, -100, -100, -100, -100, -100, -100, -100, -100, -100, -100, -100, -100, -100, -100, -100, -100, -100, -100, -100, -100, -100, -100, -100, -100, -100, -100, -100, -100, -100, -100, -100, -100, -100, 938, 796, 5746, 15082, 4414, 403, 27175, 29906, 29898, 710, 29885, 29892, 3474, 29933, 1169, 29897, 13, 29920, 29918, 13045, 1160, 851, 29885, 29936, 13, 524, 3474, 29933, 1169, 29936, 13, 29912, 13, 1678, 938, 12244, 29936, 13, 1678, 2281, 4414, 403, 29918, 3859, 383, 1718, 334, 3859, 29936, 13, 13, 1678, 565, 313, 26512, 2792, 5596, 29898, 710, 29885, 876, 736, 796, 29918, 1254, 1525, 5194, 29918, 11432, 29936, 13, 1678, 2106, 353, 313, 4984, 4414, 403, 29918, 3859, 383, 1718, 4748, 710, 29885, 976, 3859, 29936, 13, 13, 1678, 565, 313, 7165, 29933, 1169, 529, 29871, 29900, 29897, 426, 13, 4706, 12244, 353, 29871, 29900, 29936, 13, 4706, 3474, 29933, 1169, 353, 448, 7165, 29933, 1169, 29936, 13, 1678, 500, 13, 1678, 1683, 426, 13, 4706, 12244, 353, 313, 7165, 29933, 1169, 5099, 29871, 29946, 29897, 718, 29871, 29945, 29936, 13, 29937, 361, 1753, 402, 3904, 29999, 5690, 13, 4706, 565, 313, 7165, 29933, 1169, 529, 29871, 29946, 29947, 29897, 13, 9651, 3474, 29933, 1169, 7878, 29871, 29896, 29945, 29936, 13, 29937, 15224, 13, 1678, 500, 13, 13, 1678, 565, 313, 7165, 29933, 1169, 2607, 313, 7165, 29933, 1169, 529, 29871, 29947, 3830, 3474, 29933, 1169, 1405, 29871, 29896, 29945, 876, 13, 4706, 736, 796, 29918, 1254, 1525, 5194, 29918, 11432, 29936, 13, 1678, 565, 313, 3859, 976, 7165, 2804, 796, 29918, 10074, 2607, 2106, 976, 29893, 14836, 2804, 313, 15395, 29897, 7165, 29933, 1169, 29897, 426, 13, 4706, 796, 29943, 21661, 29898, 710, 29885, 29892, 2106, 976, 7165, 416, 13, 4706, 2106, 976, 7165, 353, 796, 29918, 10074, 29936, 13, 1678, 500, 13, 13, 1678, 2106, 976, 6312, 353, 12244, 29936, 13, 1678, 2106, 976, 29893, 14836, 353, 313, 15395, 29897, 7165, 29933, 1169, 29936, 13, 1678, 736, 4414, 403, 27175, 29898, 710, 29885, 416, 13, 29913, 2]
labels:
int ZEXPORT inflateReset2(strm, windowBits)
z_streamp strm;
int windowBits;
{
    int wrap;
    struct inflate_state FAR *state;

    if (inflateStateCheck(strm)) return Z_STREAM_ERROR;
    state = (struct inflate_state FAR *)strm->state;

    if (windowBits < 0) {
        wrap = 0;
        windowBits = -windowBits;
    }
    else {
        wrap = (windowBits >> 4) + 5;
#ifdef GUNZIP
        if (windowBits < 48)
            windowBits &= 15;
#endif
    }

    if (windowBits && (windowBits < 8 || windowBits > 15))
        return Z_STREAM_ERROR;
    if (state->window != Z_NULL && state->wbits != (unsigned)windowBits) {
        ZFREE(strm, state->window);
        state->window = Z_NULL;
    }

    state->wrap = wrap;
    state->wbits = (unsigned)windowBits;
    return inflateReset(strm);
}</s>
[INFO|2026-09-22 23:21:10] llamafactory.model.model_utils.kv_cache:144 >> KV cache is disabled during training.
